begin;
    create table public.dummy(
        id int primary key
    );
    select audit.enable_tracking('public.dummy');
 enable_tracking 
-----------------
 
(1 row)

    select audit.disable_tracking('public.dummy');
 disable_tracking 
------------------
 
(1 row)

    select audit.disable_tracking('public.dummy');
NOTICE:  trigger "audit_i_u_d" for relation "dummy" does not exist, skipping
NOTICE:  trigger "audit_t" for relation "dummy" does not exist, skipping
 disable_tracking 
------------------
 
(1 row)

    select *
    from pg_trigger
    where tgrelid = 'public.dummy'::regclass;
 oid | tgrelid | tgparentid | tgname | tgfoid | tgtype | tgenabled | tgisinternal | tgconstrrelid | tgconstrindid | tgconstraint | tgdeferrable | tginitdeferred | tgnargs | tgattr | tgargs | tgqual | tgoldtable | tgnewtable 
-----+---------+------------+--------+--------+--------+-----------+--------------+---------------+---------------+--------------+--------------+----------------+---------+--------+--------+--------+------------+------------
(0 rows)

rollback;
