begin;
    create table public.dummy(
        id int primary key
    );
    select audit.enable_tracking('public.dummy');
 enable_tracking 
-----------------
 
(1 row)

    select audit.enable_tracking('public.dummy');
 enable_tracking 
-----------------
 
(1 row)

    select tgname
    from pg_trigger
    where tgrelid = 'public.dummy'::regclass;
   tgname    
-------------
 audit_i_u_d
 audit_t
(2 rows)

rollback;
