begin;
    create table public.members(
        id int primary key,
        name text not null
    );
    select audit.enable_tracking('public.members');
 enable_tracking 
-----------------
 
(1 row)

    insert into public.members(id, name)
    values (1, 'foo');
    update public.members
        set name = 'bar'
        where id = 1;
    delete from public.members;
    select
        id,
        record_id,
        old_record_id,
        op,
        table_schema,
        table_name,
        record
    from
        audit.record_version;
 id |              record_id               |            old_record_id             |   op   | table_schema | table_name |          record          
----+--------------------------------------+--------------------------------------+--------+--------------+------------+--------------------------
  2 | 13979db9-fa66-54eb-87eb-10ff957d6a63 |                                      | INSERT | public       | members    | {"id": 1, "name": "foo"}
  3 | 13979db9-fa66-54eb-87eb-10ff957d6a63 | 13979db9-fa66-54eb-87eb-10ff957d6a63 | UPDATE | public       | members    | {"id": 1, "name": "bar"}
  4 |                                      | 13979db9-fa66-54eb-87eb-10ff957d6a63 | DELETE | public       | members    | 
(3 rows)

rollback;
